// Jest Snapshot v1, https://goo.gl/fbAQLP

exports[`renders correctly 1`] = `
<styled.div>
  <styled.div>
    <styled.div>
      <Connect(HotelFilter) />
    </styled.div>
    <Connect(HotelList) />
  </styled.div>
</styled.div>
`;
